
> frontend@0.0.0 build
> vite build

[36mvite v7.3.1 [32mbuilding client environment for production...[36m[39m
transforming...
[32mΓ£ô[39m 708 modules transformed.
rendering chunks...
computing gzip size...
[2mdist/[22m[32mindex.html                          [39m[1m[2m  0.58 kB[22m[1m[22m[2m Γöé gzip:   0.35 kB[22m
[2mdist/[22m[35massets/index-Cjoq2PUv.css           [39m[1m[2m 60.30 kB[22m[1m[22m[2m Γöé gzip:  10.04 kB[22m
[2mdist/[22m[36massets/purify.es-Bzr520pe.js        [39m[1m[2m 22.45 kB[22m[1m[22m[2m Γöé gzip:   8.63 kB[22m
[2mdist/[22m[36massets/index.es-D_0QfeRz.js         [39m[1m[2m158.78 kB[22m[1m[22m[2m Γöé gzip:  52.99 kB[22m
[2mdist/[22m[36massets/html2canvas.esm-DXEQVQnt.js  [39m[1m[2m201.04 kB[22m[1m[22m[2m Γöé gzip:  47.43 kB[22m
[2mdist/[22m[36massets/index--C3GXKHW.js            [39m[1m[33m960.62 kB[39m[22m[2m Γöé gzip: 282.65 kB[22m
node.exe : [33m
At C:\Program Files\no
dejs\npm.ps1:29 char:3
+   & $NODE_EXE 
$NPM_CLI_JS $args
+   ~~~~~~~~~~~~~~~~~~
~~~~~~~~~~~
    + CategoryInfo    
          : NotSpeci  
  fied: ([33m:Stri   
 ng) [], RemoteExc    
eption
    + FullyQualifiedE 
   rrorId : NativeCo  
  mmandError
 
(!) Some chunks are 
larger than 500 kB 
after minification. 
Consider:
- Using dynamic 
import() to 
code-split the 
application
- Use build.rollupOpti
ons.output.manualChunk
s to improve 
chunking: https://roll
upjs.org/configuration
-options/#output-manua
lchunks
- Adjust chunk size 
limit for this 
warning via build.chun
kSizeWarningLimit.[39
m
[32mΓ£ô built in 9.56s[39m
