[INFO] Scanning for projects...
[INFO] 
[INFO] --------------< com.romen.inventory:inventory-management >--------------
[INFO] Building inventory-management 1.0.0
[INFO]   from pom.xml
[INFO] --------------------------------[ jar ]---------------------------------
[INFO] 
[INFO] --- clean:3.2.0:clean (default-clean) @ inventory-management ---
[INFO] Deleting D:\Infosys Group Project\PharmaTrack Pro\backend\target
[INFO] 
[INFO] --- resources:3.3.1:resources (default-resources) @ inventory-management ---
[INFO] Copying 1 resource from src\main\resources to target\classes
[INFO] Copying 1 resource from src\main\resources to target\classes
[INFO] 
[INFO] --- compiler:3.11.0:compile (default-compile) @ inventory-management ---
[INFO] Changes detected - recompiling the module! :source
[INFO] Compiling 92 source files with javac [debug release 17] to target\classes
[WARNING] /D:/Infosys Group Project/PharmaTrack Pro/backend/src/main/java/com/romen/inventory/dto/BatchRequest.java:[36,21] @Builder will ignore the initializing expression entirely. If you want the initializing expression to serve as default, add @Builder.Default. If it is not supposed to be settable during building, make the field final.
[WARNING] /D:/Infosys Group Project/PharmaTrack Pro/backend/src/main/java/com/romen/inventory/dto/MedicationRequest.java:[63,21] @Builder will ignore the initializing expression entirely. If you want the initializing expression to serve as default, add @Builder.Default. If it is not supposed to be settable during building, make the field final.
[WARNING] /D:/Infosys Group Project/PharmaTrack Pro/backend/src/main/java/com/romen/inventory/dto/MedicationRequest.java:[66,21] @Builder will ignore the initializing expression entirely. If you want the initializing expression to serve as default, add @Builder.Default. If it is not supposed to be settable during building, make the field final.
[WARNING] /D:/Infosys Group Project/PharmaTrack Pro/backend/src/main/java/com/romen/inventory/dto/MedicationRequest.java:[69,21] @Builder will ignore the initializing expression entirely. If you want the initializing expression to serve as default, add @Builder.Default. If it is not supposed to be settable during building, make the field final.
[WARNING] /D:/Infosys Group Project/PharmaTrack Pro/backend/src/main/java/com/romen/inventory/dto/MedicationRequest.java:[73,21] @Builder will ignore the initializing expression entirely. If you want the initializing expression to serve as default, add @Builder.Default. If it is not supposed to be settable during building, make the field final.
[WARNING] /D:/Infosys Group Project/PharmaTrack Pro/backend/src/main/java/com/romen/inventory/dto/MedicationRequest.java:[75,21] @Builder will ignore the initializing expression entirely. If you want the initializing expression to serve as default, add @Builder.Default. If it is not supposed to be settable during building, make the field final.
[INFO] /D:/Infosys Group Project/PharmaTrack Pro/backend/src/main/java/com/romen/inventory/service/JwtService.java: D:\Infosys Group Project\PharmaTrack Pro\backend\src\main\java\com\romen\inventory\service\JwtService.java uses or overrides a deprecated API.
[INFO] /D:/Infosys Group Project/PharmaTrack Pro/backend/src/main/java/com/romen/inventory/service/JwtService.java: Recompile with -Xlint:deprecation for details.
[INFO] 
[INFO] --- resources:3.3.1:testResources (default-testResources) @ inventory-management ---
[INFO] skip non existing resourceDirectory D:\Infosys Group Project\PharmaTrack Pro\backend\src\test\resources
[INFO] 
[INFO] --- compiler:3.11.0:testCompile (default-testCompile) @ inventory-management ---
[INFO] Changes detected - recompiling the module! :dependency
[INFO] Compiling 1 source file with javac [debug release 17] to target\test-classes
[INFO] 
[INFO] --- surefire:3.0.0:test (default-test) @ inventory-management ---
Terminate batch job (Y/N)? 